// Jest Snapshot v1, https://goo.gl/fbAQLP

exports[`>> Modal component >> snapshot is up to date 1`] = `<div />`;

exports[`>> render() >> snapshot is up to date 1`] = `<div />`;

exports[`Modal component >> render() >> snapshot is up to date 1`] = `<div />`;
