// Jest Snapshot v1, https://goo.gl/fbAQLP

exports[`Header >> snapshot is up to date 1`] = `
<div>
  <nav
    id="test-navigation"
  >
    <i
      aria-hidden="true"
      class="bars big icon"
    />
    <h1>
      Your Notes
    </h1>
    <p />
  </nav>
</div>
`;
