// Jest Snapshot v1, https://goo.gl/fbAQLP

exports[`Footer >> snapshot is up to date 1`] = `
<div>
  <footer>
    <p>
      NO NOTES
    </p>
  </footer>
   
</div>
`;
