// Jest Snapshot v1, https://goo.gl/fbAQLP

exports[`Footer >> snapshot is up to date 1`] = `
<div>
  <footer
    class="error"
  >
    <p>
      NO NOTES
    </p>
    <i
      class="plus big icon"
      role="button"
    />
  </footer>
</div>
`;
